root@Kalypso:~/Schreibtisch# nmap -p 1-1500 -T4 -v 10.2.70.1
Starting Nmap 7.80 ( https://nmap.org ) at 2019-12-05 10:49 CET
Initiating ARP Ping Scan at 10:49
Scanning 10.2.70.1 [1 port]
Completed ARP Ping Scan at 10:49, 0.04s elapsed (1 total hosts)
mass_dns: warning: Unable to determine any DNS servers. Reverse DNS is disabled. Try using --system-dns or specify valid servers with --dns-servers
Initiating SYN Stealth Scan at 10:49
Scanning 10.2.70.1 [1500 ports]
Completed SYN Stealth Scan at 10:50, 31.11s elapsed (1500 total ports)
Nmap scan report for 10.2.70.1
Host is up (0.00085s latency).
All 1500 scanned ports on 10.2.70.1 are filtered
MAC Address: 00:E0:4C:21:79:3C (Realtek Semiconductor)

Read data files from: /usr/bin/../share/nmap
Nmap done: 1 IP address (1 host up) scanned in 31.32 seconds
           Raw packets sent: 3001 (132.028KB) | Rcvd: 1 (28B)
root@Kalypso:~/Schreibtisch# nmap -sU -p 1-1500 -T4 -v 10.2.70.1
Starting Nmap 7.80 ( https://nmap.org ) at 2019-12-05 10:50 CET
Initiating ARP Ping Scan at 10:50
Scanning 10.2.70.1 [1 port]
Completed ARP Ping Scan at 10:50, 0.04s elapsed (1 total hosts)
mass_dns: warning: Unable to determine any DNS servers. Reverse DNS is disabled. Try using --system-dns or specify valid servers with --dns-servers
Initiating UDP Scan at 10:50
Scanning 10.2.70.1 [1500 ports]
Completed UDP Scan at 10:50, 31.12s elapsed (1500 total ports)
Nmap scan report for 10.2.70.1
Host is up (0.00090s latency).
All 1500 scanned ports on 10.2.70.1 are open|filtered
MAC Address: 00:E0:4C:21:79:3C (Realtek Semiconductor)

Read data files from: /usr/bin/../share/nmap
Nmap done: 1 IP address (1 host up) scanned in 31.31 seconds
           Raw packets sent: 3001 (85.542KB) | Rcvd: 1 (28B)
root@Kalypso:~/Schreibtisch# nmap -A -sS -T4 -v 10.2.70.1
Starting Nmap 7.80 ( https://nmap.org ) at 2019-12-05 10:51 CET
NSE: Loaded 151 scripts for scanning.
NSE: Script Pre-scanning.
Initiating NSE at 10:51
Completed NSE at 10:51, 0.00s elapsed
Initiating NSE at 10:51
Completed NSE at 10:51, 0.00s elapsed
Initiating NSE at 10:51
Completed NSE at 10:51, 0.00s elapsed
Initiating ARP Ping Scan at 10:51
Scanning 10.2.70.1 [1 port]
Completed ARP Ping Scan at 10:51, 0.05s elapsed (1 total hosts)
mass_dns: warning: Unable to determine any DNS servers. Reverse DNS is disabled. Try using --system-dns or specify valid servers with --dns-servers
Initiating SYN Stealth Scan at 10:51
Scanning 10.2.70.1 [1000 ports]
Completed SYN Stealth Scan at 10:51, 21.11s elapsed (1000 total ports)
Initiating Service scan at 10:51
Initiating OS detection (try #1) against 10.2.70.1
Retrying OS detection (try #2) against 10.2.70.1
NSE: Script scanning 10.2.70.1.
Initiating NSE at 10:51
Completed NSE at 10:51, 0.00s elapsed
Initiating NSE at 10:51
Completed NSE at 10:51, 0.00s elapsed
Initiating NSE at 10:51
Completed NSE at 10:51, 0.00s elapsed
Nmap scan report for 10.2.70.1
Host is up (0.00087s latency).
All 1000 scanned ports on 10.2.70.1 are filtered
MAC Address: 00:E0:4C:21:79:3C (Realtek Semiconductor)
Too many fingerprints match this host to give specific OS details
Network Distance: 1 hop

TRACEROUTE
HOP RTT     ADDRESS
1   0.87 ms 10.2.70.1

NSE: Script Post-scanning.
Initiating NSE at 10:51
Completed NSE at 10:51, 0.00s elapsed
Initiating NSE at 10:51
Completed NSE at 10:51, 0.00s elapsed
Initiating NSE at 10:51
Completed NSE at 10:51, 0.00s elapsed
Read data files from: /usr/bin/../share/nmap
OS and Service detection performed. Please report any incorrect results at https://nmap.org/submit/ .
Nmap done: 1 IP address (1 host up) scanned in 24.47 seconds
           Raw packets sent: 2037 (92.744KB) | Rcvd: 5 (680B)
root@Kalypso:~/Schreibtisch# nmap -p 1-1500 -A -sS -T4 -v 10.2.70.1
Starting Nmap 7.80 ( https://nmap.org ) at 2019-12-05 10:52 CET
NSE: Loaded 151 scripts for scanning.
NSE: Script Pre-scanning.
Initiating NSE at 10:52
Completed NSE at 10:52, 0.00s elapsed
Initiating NSE at 10:52
Completed NSE at 10:52, 0.00s elapsed
Initiating NSE at 10:52
Completed NSE at 10:52, 0.00s elapsed
Initiating ARP Ping Scan at 10:52
Scanning 10.2.70.1 [1 port]
Completed ARP Ping Scan at 10:52, 0.04s elapsed (1 total hosts)
mass_dns: warning: Unable to determine any DNS servers. Reverse DNS is disabled. Try using --system-dns or specify valid servers with --dns-servers
Initiating SYN Stealth Scan at 10:52
Scanning 10.2.70.1 [1500 ports]
Completed SYN Stealth Scan at 10:52, 31.12s elapsed (1500 total ports)
Initiating Service scan at 10:52
Initiating OS detection (try #1) against 10.2.70.1
Retrying OS detection (try #2) against 10.2.70.1
NSE: Script scanning 10.2.70.1.
Initiating NSE at 10:52
Completed NSE at 10:52, 0.00s elapsed
Initiating NSE at 10:52
Completed NSE at 10:52, 0.00s elapsed
Initiating NSE at 10:52
Completed NSE at 10:52, 0.00s elapsed
Nmap scan report for 10.2.70.1
Host is up (0.00091s latency).
All 1500 scanned ports on 10.2.70.1 are filtered
MAC Address: 00:E0:4C:21:79:3C (Realtek Semiconductor)
Too many fingerprints match this host to give specific OS details
Network Distance: 1 hop

TRACEROUTE
HOP RTT     ADDRESS
1   0.91 ms 10.2.70.1

NSE: Script Post-scanning.
Initiating NSE at 10:52
Completed NSE at 10:52, 0.00s elapsed
Initiating NSE at 10:52
Completed NSE at 10:52, 0.00s elapsed
Initiating NSE at 10:52
Completed NSE at 10:52, 0.00s elapsed
Read data files from: /usr/bin/../share/nmap
OS and Service detection performed. Please report any incorrect results at https://nmap.org/submit/ .
Nmap done: 1 IP address (1 host up) scanned in 34.30 seconds
           Raw packets sent: 3037 (136.744KB) | Rcvd: 5 (680B)
root@Kalypso:~/Schreibtisch# nmap -p 1-1500 -T4 -v 10.2.70.1
Starting Nmap 7.80 ( https://nmap.org ) at 2019-12-05 10:52 CET
Initiating ARP Ping Scan at 10:52
Scanning 10.2.70.1 [1 port]
Completed ARP Ping Scan at 10:52, 0.04s elapsed (1 total hosts)
mass_dns: warning: Unable to determine any DNS servers. Reverse DNS is disabled. Try using --system-dns or specify valid servers with --dns-servers
Initiating SYN Stealth Scan at 10:52
Scanning 10.2.70.1 [1500 ports]
Completed SYN Stealth Scan at 10:53, 31.12s elapsed (1500 total ports)
Nmap scan report for 10.2.70.1
Host is up (0.00085s latency).
All 1500 scanned ports on 10.2.70.1 are filtered
MAC Address: 00:E0:4C:21:79:3C (Realtek Semiconductor)

Read data files from: /usr/bin/../share/nmap
Nmap done: 1 IP address (1 host up) scanned in 31.32 seconds
           Raw packets sent: 3001 (132.028KB) | Rcvd: 1 (28B)
root@Kalypso:~/Schreibtisch# nmap -sU -p 1-1500 -T4 -v 10.2.70.1
Starting Nmap 7.80 ( https://nmap.org ) at 2019-12-05 10:55 CET
Initiating ARP Ping Scan at 10:55
Scanning 10.2.70.1 [1 port]
Completed ARP Ping Scan at 10:55, 0.03s elapsed (1 total hosts)
mass_dns: warning: Unable to determine any DNS servers. Reverse DNS is disabled. Try using --system-dns or specify valid servers with --dns-servers
Initiating UDP Scan at 10:55
Scanning 10.2.70.1 [1500 ports]
Completed UDP Scan at 10:56, 31.12s elapsed (1500 total ports)
Nmap scan report for 10.2.70.1
Host is up (0.00082s latency).
All 1500 scanned ports on 10.2.70.1 are open|filtered
MAC Address: 00:E0:4C:21:79:3C (Realtek Semiconductor)

Read data files from: /usr/bin/../share/nmap
Nmap done: 1 IP address (1 host up) scanned in 31.33 seconds
           Raw packets sent: 3001 (85.542KB) | Rcvd: 1 (28B)
root@Kalypso:~/Schreibtisch# nmap -p 1-1500 -A -sS -T4 -v 10.2.70.1
Starting Nmap 7.80 ( https://nmap.org ) at 2019-12-05 10:56 CET
NSE: Loaded 151 scripts for scanning.
NSE: Script Pre-scanning.
Initiating NSE at 10:56
Completed NSE at 10:56, 0.00s elapsed
Initiating NSE at 10:56
Completed NSE at 10:56, 0.00s elapsed
Initiating NSE at 10:56
Completed NSE at 10:56, 0.00s elapsed
Initiating ARP Ping Scan at 10:56
Scanning 10.2.70.1 [1 port]
Completed ARP Ping Scan at 10:56, 0.04s elapsed (1 total hosts)
mass_dns: warning: Unable to determine any DNS servers. Reverse DNS is disabled. Try using --system-dns or specify valid servers with --dns-servers
Initiating SYN Stealth Scan at 10:56
Scanning 10.2.70.1 [1500 ports]
Completed SYN Stealth Scan at 10:57, 31.12s elapsed (1500 total ports)
Initiating Service scan at 10:57
Initiating OS detection (try #1) against 10.2.70.1
Retrying OS detection (try #2) against 10.2.70.1
NSE: Script scanning 10.2.70.1.
Initiating NSE at 10:57
Completed NSE at 10:57, 0.00s elapsed
Initiating NSE at 10:57
Completed NSE at 10:57, 0.00s elapsed
Initiating NSE at 10:57
Completed NSE at 10:57, 0.00s elapsed
Nmap scan report for 10.2.70.1
Host is up (0.00086s latency).
All 1500 scanned ports on 10.2.70.1 are filtered
MAC Address: 00:E0:4C:21:79:3C (Realtek Semiconductor)
Too many fingerprints match this host to give specific OS details
Network Distance: 1 hop

TRACEROUTE
HOP RTT     ADDRESS
1   0.86 ms 10.2.70.1

NSE: Script Post-scanning.
Initiating NSE at 10:57
Completed NSE at 10:57, 0.00s elapsed
Initiating NSE at 10:57
Completed NSE at 10:57, 0.00s elapsed
Initiating NSE at 10:57
Completed NSE at 10:57, 0.00s elapsed
Read data files from: /usr/bin/../share/nmap
OS and Service detection performed. Please report any incorrect results at https://nmap.org/submit/ .
Nmap done: 1 IP address (1 host up) scanned in 34.30 seconds
           Raw packets sent: 3037 (136.744KB) | Rcvd: 5 (680B)
root@Kalypso:~/Schreibtisch# ifconfig
eth0: flags=4163<UP,BROADCAST,RUNNING,MULTICAST>  mtu 1500
        inet 10.2.70.55  netmask 255.255.255.0  broadcast 10.2.70.255
        inet6 fe80::3e97:eff:fed1:bba4  prefixlen 64  scopeid 0x20<link>
        ether 3c:97:0e:d1:bb:a4  txqueuelen 1000  (Ethernet)
        RX packets 233  bytes 30853 (30.1 KiB)
        RX errors 0  dropped 0  overruns 0  frame 0
        TX packets 20448  bytes 1262890 (1.2 MiB)
        TX errors 0  dropped 0 overruns 0  carrier 0  collisions 0

lo: flags=73<UP,LOOPBACK,RUNNING>  mtu 65536
        inet 127.0.0.1  netmask 255.0.0.0
        inet6 ::1  prefixlen 128  scopeid 0x10<host>
        loop  txqueuelen 1000  (Lokale Schleife)
        RX packets 135  bytes 9952 (9.7 KiB)
        RX errors 0  dropped 0  overruns 0  frame 0
        TX packets 135  bytes 9952 (9.7 KiB)
        TX errors 0  dropped 0 overruns 0  carrier 0  collisions 0

root@Kalypso:~/Schreibtisch# nmap -sU -p 1-1500 -T4 -v 10.2.70.1
Starting Nmap 7.80 ( https://nmap.org ) at 2019-12-05 10:59 CET
Initiating ARP Ping Scan at 10:59
Scanning 10.2.70.1 [1 port]
Completed ARP Ping Scan at 10:59, 0.04s elapsed (1 total hosts)
mass_dns: warning: Unable to determine any DNS servers. Reverse DNS is disabled. Try using --system-dns or specify valid servers with --dns-servers
Initiating UDP Scan at 10:59
Scanning 10.2.70.1 [1500 ports]
Completed UDP Scan at 11:00, 31.12s elapsed (1500 total ports)
Nmap scan report for 10.2.70.1
Host is up (0.00088s latency).
All 1500 scanned ports on 10.2.70.1 are open|filtered
MAC Address: 00:E0:4C:21:79:3C (Realtek Semiconductor)

Read data files from: /usr/bin/../share/nmap
Nmap done: 1 IP address (1 host up) scanned in 31.34 seconds
           Raw packets sent: 3001 (85.542KB) | Rcvd: 1 (28B)
root@Kalypso:~/Schreibtisch# nmap -p 1-1500 -T4 -v 10.2.70.1
Starting Nmap 7.80 ( https://nmap.org ) at 2019-12-05 11:03 CET
Initiating ARP Ping Scan at 11:03
Scanning 10.2.70.1 [1 port]
Completed ARP Ping Scan at 11:03, 0.04s elapsed (1 total hosts)
mass_dns: warning: Unable to determine any DNS servers. Reverse DNS is disabled. Try using --system-dns or specify valid servers with --dns-servers
Initiating SYN Stealth Scan at 11:03
Scanning 10.2.70.1 [1500 ports]
Completed SYN Stealth Scan at 11:03, 31.13s elapsed (1500 total ports)
Nmap scan report for 10.2.70.1
Host is up (0.00089s latency).
All 1500 scanned ports on 10.2.70.1 are filtered
MAC Address: 00:E0:4C:21:79:3C (Realtek Semiconductor)

Read data files from: /usr/bin/../share/nmap
Nmap done: 1 IP address (1 host up) scanned in 31.32 seconds
           Raw packets sent: 3001 (132.028KB) | Rcvd: 1 (28B)
root@Kalypso:~/Schreibtisch# 
